// Jest Snapshot v1, https://goo.gl/fbAQLP

exports[`Test Component NavigationScroll NavigationScroll component snapshot 1`] = `<DocumentFragment />`;
